  klines: 1500 bars, up to 2020-04-12
  klines: 3000 bars, up to 2020-06-14
  klines: 4500 bars, up to 2020-08-15
  klines: 6000 bars, up to 2020-10-17
  klines: 7500 bars, up to 2020-12-18
  klines: 9000 bars, up to 2021-02-19
  klines: 10500 bars, up to 2021-04-22
  klines: 12000 bars, up to 2021-06-24
  klines: 13500 bars, up to 2021-08-25
  klines: 15000 bars, up to 2021-10-27
  klines: 16500 bars, up to 2021-12-28
  klines: 18000 bars, up to 2022-03-01
  klines: 19500 bars, up to 2022-05-02
  klines: 21000 bars, up to 2022-07-04
  klines: 22500 bars, up to 2022-09-04
  klines: 24000 bars, up to 2022-11-06
  klines: 25500 bars, up to 2023-01-07
  klines: 27000 bars, up to 2023-03-11
  klines: 28500 bars, up to 2023-05-12
  klines: 30000 bars, up to 2023-07-14
  klines: 31500 bars, up to 2023-09-14
  klines: 33000 bars, up to 2023-11-16
  klines: 34500 bars, up to 2024-01-17
  klines: 36000 bars, up to 2024-03-20
  klines: 37500 bars, up to 2024-05-21
  klines: 39000 bars, up to 2024-07-23
  klines: 40500 bars, up to 2024-09-23
  klines: 42000 bars, up to 2024-11-25
  klines: 43500 bars, up to 2025-01-26
  klines: 45000 bars, up to 2025-03-30
  klines: 46500 bars, up to 2025-05-31
  klines: 48000 bars, up to 2025-08-02
  klines: 49500 bars, up to 2025-10-03
  klines: 51000 bars, up to 2025-12-05
  klines: 52500 bars, up to 2026-02-05
  klines: 54000 bars, up to 2026-04-09
  klines: 55500 bars, up to 2026-06-10
  klines: 57000 bars, up to 2026-08-12
  klines: 58239 bars, up to 2026-10-02
  funding: 1000 rows, up to 2021-01-08
  funding: 2000 rows, up to 2021-12-07
  funding: 3000 rows, up to 2022-11-06
  funding: 4000 rows, up to 2023-10-05
  funding: 5000 rows, up to 2024-09-02
  funding: 6000 rows, up to 2025-08-02
  funding: 7000 rows, up to 2026-07-01
  funding: 7280 rows, up to 2026-10-02
DONE BNBUSDT 58239 7280
  klines: 1500 bars, up to 2020-03-08
  klines: 3000 bars, up to 2020-05-10
  klines: 4500 bars, up to 2020-07-11
  klines: 6000 bars, up to 2020-09-12
  klines: 7500 bars, up to 2020-11-13
  klines: 9000 bars, up to 2021-01-15
  klines: 10500 bars, up to 2021-03-18
  klines: 12000 bars, up to 2021-05-20
  klines: 13500 bars, up to 2021-07-21
  klines: 15000 bars, up to 2021-09-22
  klines: 16500 bars, up to 2021-11-23
  klines: 18000 bars, up to 2022-01-25
  klines: 19500 bars, up to 2022-03-28
  klines: 21000 bars, up to 2022-05-30
  klines: 22500 bars, up to 2022-07-31
  klines: 24000 bars, up to 2022-10-02
  klines: 25500 bars, up to 2022-12-03
  klines: 27000 bars, up to 2023-02-04
  klines: 28500 bars, up to 2023-04-07
  klines: 30000 bars, up to 2023-06-09
  klines: 31500 bars, up to 2023-08-10
  klines: 33000 bars, up to 2023-10-12
  klines: 34500 bars, up to 2023-12-13
  klines: 36000 bars, up to 2024-02-14
  klines: 37500 bars, up to 2024-04-16
  klines: 39000 bars, up to 2024-06-18
  klines: 40500 bars, up to 2024-08-19
  klines: 42000 bars, up to 2024-10-21
  klines: 43500 bars, up to 2024-12-22
  klines: 45000 bars, up to 2025-02-23
  klines: 46500 bars, up to 2025-04-26
  klines: 48000 bars, up to 2025-06-28
  klines: 49500 bars, up to 2025-08-29
  klines: 51000 bars, up to 2025-10-31
  klines: 52500 bars, up to 2026-01-01
  klines: 54000 bars, up to 2026-03-05
  klines: 55500 bars, up to 2026-05-06
  klines: 57000 bars, up to 2026-07-08
  klines: 58500 bars, up to 2026-09-08
  klines: 59079 bars, up to 2026-10-02
  funding: 1000 rows, up to 2020-12-04
  funding: 2000 rows, up to 2021-11-02
  funding: 3000 rows, up to 2022-10-02
  funding: 4000 rows, up to 2023-08-31
  funding: 5000 rows, up to 2024-07-29
  funding: 6000 rows, up to 2025-06-28
  funding: 7000 rows, up to 2026-05-27
  funding: 7385 rows, up to 2026-10-02
DONE XRPUSDT 59079 7385
  klines: 1500 bars, up to 2020-09-10
  klines: 3000 bars, up to 2020-11-12
  klines: 4500 bars, up to 2021-01-13
  klines: 6000 bars, up to 2021-03-17
  klines: 7500 bars, up to 2021-05-18
  klines: 9000 bars, up to 2021-07-20
  klines: 10500 bars, up to 2021-09-20
  klines: 12000 bars, up to 2021-11-22
  klines: 13500 bars, up to 2022-01-23
  klines: 15000 bars, up to 2022-03-27
  klines: 16500 bars, up to 2022-05-28
  klines: 18000 bars, up to 2022-07-30
  klines: 19500 bars, up to 2022-09-30
  klines: 21000 bars, up to 2022-12-02
  klines: 22500 bars, up to 2023-02-02
  klines: 24000 bars, up to 2023-04-06
  klines: 25500 bars, up to 2023-06-07
  klines: 27000 bars, up to 2023-08-09
  klines: 28500 bars, up to 2023-10-10
  klines: 30000 bars, up to 2023-12-12
  klines: 31500 bars, up to 2024-02-12
  klines: 33000 bars, up to 2024-04-15
  klines: 34500 bars, up to 2024-06-16
  klines: 36000 bars, up to 2024-08-18
  klines: 37500 bars, up to 2024-10-19
  klines: 39000 bars, up to 2024-12-21
  klines: 40500 bars, up to 2025-02-21
  klines: 42000 bars, up to 2025-04-25
  klines: 43500 bars, up to 2025-06-26
  klines: 45000 bars, up to 2025-08-28
  klines: 46500 bars, up to 2025-10-29
  klines: 48000 bars, up to 2025-12-31
  klines: 49500 bars, up to 2026-03-03
  klines: 51000 bars, up to 2026-05-05
  klines: 52500 bars, up to 2026-07-06
  klines: 54000 bars, up to 2026-09-07
  klines: 54614 bars, up to 2026-10-02
  funding: 1000 rows, up to 2021-06-08
  funding: 2000 rows, up to 2022-05-07
  funding: 3000 rows, up to 2023-04-06
  funding: 4000 rows, up to 2024-03-04
  funding: 5000 rows, up to 2025-01-31
  funding: 6000 rows, up to 2025-12-31
  funding: 6827 rows, up to 2026-10-02
DONE DOGEUSDT 54614 6827
  klines: 1500 bars, up to 2020-04-02
  klines: 3000 bars, up to 2020-06-04
  klines: 4500 bars, up to 2020-08-05
  klines: 6000 bars, up to 2020-10-07
  klines: 7500 bars, up to 2020-12-08
  klines: 9000 bars, up to 2021-02-09
  klines: 10500 bars, up to 2021-04-12
  klines: 12000 bars, up to 2021-06-14
  klines: 13500 bars, up to 2021-08-15
  klines: 15000 bars, up to 2021-10-17
  klines: 16500 bars, up to 2021-12-18
  klines: 18000 bars, up to 2022-02-19
  klines: 19500 bars, up to 2022-04-22
  klines: 21000 bars, up to 2022-06-24
  klines: 22500 bars, up to 2022-08-25
  klines: 24000 bars, up to 2022-10-27
  klines: 25500 bars, up to 2022-12-28
  klines: 27000 bars, up to 2023-03-01
  klines: 28500 bars, up to 2023-05-02
  klines: 30000 bars, up to 2023-07-04
  klines: 31500 bars, up to 2023-09-04
  klines: 33000 bars, up to 2023-11-06
  klines: 34500 bars, up to 2024-01-07
  klines: 36000 bars, up to 2024-03-10
  klines: 37500 bars, up to 2024-05-11
  klines: 39000 bars, up to 2024-07-13
  klines: 40500 bars, up to 2024-09-13
  klines: 42000 bars, up to 2024-11-15
  klines: 43500 bars, up to 2025-01-16
  klines: 45000 bars, up to 2025-03-20
  klines: 46500 bars, up to 2025-05-21
  klines: 48000 bars, up to 2025-07-23
  klines: 49500 bars, up to 2025-09-23
  klines: 51000 bars, up to 2025-11-25
  klines: 52500 bars, up to 2026-01-26
  klines: 54000 bars, up to 2026-03-30
  klines: 55500 bars, up to 2026-05-31
  klines: 57000 bars, up to 2026-08-02
  klines: 58479 bars, up to 2026-10-02
  funding: 1000 rows, up to 2020-12-17
  funding: 2000 rows, up to 2021-11-16
  funding: 3000 rows, up to 2022-10-15
  funding: 4000 rows, up to 2023-09-13
  funding: 5000 rows, up to 2024-08-12
  funding: 6000 rows, up to 2025-07-11
  funding: 7000 rows, up to 2026-06-09
  funding: 7345 rows, up to 2026-10-02
DONE ADAUSDT 58479 7345
  klines: 1500 bars, up to 2020-11-24
  klines: 3000 bars, up to 2021-01-26
  klines: 4500 bars, up to 2021-03-29
  klines: 6000 bars, up to 2021-05-31
  klines: 7500 bars, up to 2021-08-01
  klines: 9000 bars, up to 2021-10-03
  klines: 10500 bars, up to 2021-12-04
  klines: 12000 bars, up to 2022-02-05
  klines: 13500 bars, up to 2022-04-08
  klines: 15000 bars, up to 2022-06-10
  klines: 16500 bars, up to 2022-08-11
  klines: 18000 bars, up to 2022-10-13
  klines: 19500 bars, up to 2022-12-14
  klines: 21000 bars, up to 2023-02-15
  klines: 22500 bars, up to 2023-04-18
  klines: 24000 bars, up to 2023-06-20
  klines: 25500 bars, up to 2023-08-21
  klines: 27000 bars, up to 2023-10-23
  klines: 28500 bars, up to 2023-12-24
  klines: 30000 bars, up to 2024-02-25
  klines: 31500 bars, up to 2024-04-27
  klines: 33000 bars, up to 2024-06-29
  klines: 34500 bars, up to 2024-08-30
  klines: 36000 bars, up to 2024-11-01
  klines: 37500 bars, up to 2025-01-02
  klines: 39000 bars, up to 2025-03-06
  klines: 40500 bars, up to 2025-05-07
  klines: 42000 bars, up to 2025-07-09
  klines: 43500 bars, up to 2025-09-09
  klines: 45000 bars, up to 2025-11-11
  klines: 46500 bars, up to 2026-01-12
  klines: 48000 bars, up to 2026-03-16
  klines: 49500 bars, up to 2026-05-17
  klines: 51000 bars, up to 2026-07-19
  klines: 52500 bars, up to 2026-09-19
  klines: 52816 bars, up to 2026-10-02
  funding: 1000 rows, up to 2021-08-21
  funding: 2000 rows, up to 2022-07-21
  funding: 3000 rows, up to 2023-06-19
  funding: 4000 rows, up to 2024-05-17
  funding: 5000 rows, up to 2025-04-16
  funding: 6000 rows, up to 2026-03-15
  funding: 6604 rows, up to 2026-10-02
DONE AVAXUSDT 52816 6604
  klines: 1500 bars, up to 2020-03-19
  klines: 3000 bars, up to 2020-05-21
  klines: 4500 bars, up to 2020-07-22
  klines: 6000 bars, up to 2020-09-23
  klines: 7500 bars, up to 2020-11-24
  klines: 9000 bars, up to 2021-01-26
  klines: 10500 bars, up to 2021-03-29
  klines: 12000 bars, up to 2021-05-31
  klines: 13500 bars, up to 2021-08-01
  klines: 15000 bars, up to 2021-10-03
  klines: 16500 bars, up to 2021-12-04
  klines: 18000 bars, up to 2022-02-05
  klines: 19500 bars, up to 2022-04-08
  klines: 21000 bars, up to 2022-06-10
  klines: 22500 bars, up to 2022-08-11
  klines: 24000 bars, up to 2022-10-13
  klines: 25500 bars, up to 2022-12-14
  klines: 27000 bars, up to 2023-02-15
  klines: 28500 bars, up to 2023-04-18
  klines: 30000 bars, up to 2023-06-20
  klines: 31500 bars, up to 2023-08-21
  klines: 33000 bars, up to 2023-10-23
  klines: 34500 bars, up to 2023-12-24
  klines: 36000 bars, up to 2024-02-25
  klines: 37500 bars, up to 2024-04-27
  klines: 39000 bars, up to 2024-06-29
  klines: 40500 bars, up to 2024-08-30
  klines: 42000 bars, up to 2024-11-01
  klines: 43500 bars, up to 2025-01-02
  klines: 45000 bars, up to 2025-03-06
  klines: 46500 bars, up to 2025-05-07
  klines: 48000 bars, up to 2025-07-09
  klines: 49500 bars, up to 2025-09-09
  klines: 51000 bars, up to 2025-11-11
  klines: 52500 bars, up to 2026-01-12
  klines: 54000 bars, up to 2026-03-16
  klines: 55500 bars, up to 2026-05-17
  klines: 57000 bars, up to 2026-07-19
  klines: 58500 bars, up to 2026-09-19
  klines: 58815 bars, up to 2026-10-02
  funding: 1000 rows, up to 2020-12-15
  funding: 2000 rows, up to 2021-11-13
  funding: 3000 rows, up to 2022-10-13
  funding: 4000 rows, up to 2023-09-11
  funding: 5000 rows, up to 2024-08-09
  funding: 6000 rows, up to 2025-07-09
  funding: 7000 rows, up to 2026-06-07
  funding: 7352 rows, up to 2026-10-02
DONE LINKUSDT 58815 7352
  klines: 1500 bars, up to 2020-03-11
  klines: 3000 bars, up to 2020-05-13
  klines: 4500 bars, up to 2020-07-14
  klines: 6000 bars, up to 2020-09-15
  klines: 7500 bars, up to 2020-11-16
  klines: 9000 bars, up to 2021-01-18
  klines: 10500 bars, up to 2021-03-21
  klines: 12000 bars, up to 2021-05-23
  klines: 13500 bars, up to 2021-07-24
  klines: 15000 bars, up to 2021-09-25
  klines: 16500 bars, up to 2021-11-26
  klines: 18000 bars, up to 2022-01-28
  klines: 19500 bars, up to 2022-03-31
  klines: 21000 bars, up to 2022-06-02
  klines: 22500 bars, up to 2022-08-03
  klines: 24000 bars, up to 2022-10-05
  klines: 25500 bars, up to 2022-12-06
  klines: 27000 bars, up to 2023-02-07
  klines: 28500 bars, up to 2023-04-10
  klines: 30000 bars, up to 2023-06-12
  klines: 31500 bars, up to 2023-08-13
  klines: 33000 bars, up to 2023-10-15
  klines: 34500 bars, up to 2023-12-16
  klines: 36000 bars, up to 2024-02-17
  klines: 37500 bars, up to 2024-04-19
  klines: 39000 bars, up to 2024-06-21
  klines: 40500 bars, up to 2024-08-22
  klines: 42000 bars, up to 2024-10-24
  klines: 43500 bars, up to 2024-12-25
  klines: 45000 bars, up to 2025-02-26
  klines: 46500 bars, up to 2025-04-29
  klines: 48000 bars, up to 2025-07-01
  klines: 49500 bars, up to 2025-09-01
  klines: 51000 bars, up to 2025-11-03
  klines: 52500 bars, up to 2026-01-04
  klines: 54000 bars, up to 2026-03-08
  klines: 55500 bars, up to 2026-05-09
  klines: 57000 bars, up to 2026-07-11
  klines: 58500 bars, up to 2026-09-11
  klines: 59007 bars, up to 2026-10-02
  funding: 1000 rows, up to 2020-12-07
  funding: 2000 rows, up to 2021-11-05
  funding: 3000 rows, up to 2022-10-05
  funding: 4000 rows, up to 2023-09-03
  funding: 5000 rows, up to 2024-08-01
  funding: 6000 rows, up to 2025-07-01
  funding: 7000 rows, up to 2026-05-30
  funding: 7376 rows, up to 2026-10-02
DONE LTCUSDT 59007 7376
  klines: 1500 bars, up to 2020-10-23
  klines: 3000 bars, up to 2020-12-25
  klines: 4500 bars, up to 2021-02-25
  klines: 6000 bars, up to 2021-04-29
  klines: 7500 bars, up to 2021-06-30
  klines: 9000 bars, up to 2021-09-01
  klines: 10500 bars, up to 2021-11-02
  klines: 12000 bars, up to 2022-01-04
  klines: 13500 bars, up to 2022-03-07
  klines: 15000 bars, up to 2022-05-09
  klines: 16500 bars, up to 2022-07-10
  klines: 18000 bars, up to 2022-09-11
  klines: 19500 bars, up to 2022-11-12
  klines: 21000 bars, up to 2023-01-14
  klines: 22500 bars, up to 2023-03-17
  klines: 24000 bars, up to 2023-05-19
  klines: 25500 bars, up to 2023-07-20
  klines: 27000 bars, up to 2023-09-21
  klines: 28500 bars, up to 2023-11-22
  klines: 30000 bars, up to 2024-01-24
  klines: 31500 bars, up to 2024-03-26
  klines: 33000 bars, up to 2024-05-28
  klines: 34500 bars, up to 2024-07-29
  klines: 36000 bars, up to 2024-09-30
  klines: 37500 bars, up to 2024-12-01
  klines: 39000 bars, up to 2025-02-02
  klines: 40500 bars, up to 2025-04-05
  klines: 42000 bars, up to 2025-06-07
  klines: 43500 bars, up to 2025-08-08
  klines: 45000 bars, up to 2025-10-10
  klines: 46500 bars, up to 2025-12-11
  klines: 48000 bars, up to 2026-02-12
  klines: 49500 bars, up to 2026-04-15
  klines: 51000 bars, up to 2026-06-17
  klines: 52500 bars, up to 2026-08-18
  klines: 53584 bars, up to 2026-10-02
  funding: 1000 rows, up to 2021-07-19
  funding: 2000 rows, up to 2022-06-17
  funding: 3000 rows, up to 2023-05-17
  funding: 4000 rows, up to 2024-04-14
  funding: 5000 rows, up to 2025-03-13
  funding: 6000 rows, up to 2026-02-10
  funding: 6704 rows, up to 2026-10-02
DONE DOTUSDT 53584 6704
  klines: 1500 bars, up to 2020-02-19
  klines: 3000 bars, up to 2020-04-22
  klines: 4500 bars, up to 2020-06-23
  klines: 6000 bars, up to 2020-08-25
  klines: 7500 bars, up to 2020-10-26
  klines: 9000 bars, up to 2020-12-28
  klines: 10500 bars, up to 2021-02-28
  klines: 12000 bars, up to 2021-05-02
  klines: 13500 bars, up to 2021-07-03
  klines: 15000 bars, up to 2021-09-04
  klines: 16500 bars, up to 2021-11-05
  klines: 18000 bars, up to 2022-01-07
  klines: 19500 bars, up to 2022-03-10
  klines: 21000 bars, up to 2022-05-12
  klines: 22500 bars, up to 2022-07-13
  klines: 24000 bars, up to 2022-09-14
  klines: 25500 bars, up to 2022-11-15
  klines: 27000 bars, up to 2023-01-17
  klines: 28500 bars, up to 2023-03-20
  klines: 30000 bars, up to 2023-05-22
  klines: 31500 bars, up to 2023-07-23
  klines: 33000 bars, up to 2023-09-24
  klines: 34500 bars, up to 2023-11-25
  klines: 36000 bars, up to 2024-01-27
  klines: 37500 bars, up to 2024-03-29
  klines: 39000 bars, up to 2024-05-31
  klines: 40500 bars, up to 2024-08-01
  klines: 42000 bars, up to 2024-10-03
  klines: 43500 bars, up to 2024-12-04
  klines: 45000 bars, up to 2025-02-05
  klines: 46500 bars, up to 2025-04-08
  klines: 48000 bars, up to 2025-06-10
  klines: 49500 bars, up to 2025-08-11
  klines: 51000 bars, up to 2025-10-13
  klines: 52500 bars, up to 2025-12-14
  klines: 54000 bars, up to 2026-02-15
  klines: 55500 bars, up to 2026-04-18
  klines: 57000 bars, up to 2026-06-20
  klines: 58500 bars, up to 2026-08-21
  klines: 59511 bars, up to 2026-10-02
  funding: 1000 rows, up to 2020-11-16
  funding: 2000 rows, up to 2021-10-16
  funding: 3000 rows, up to 2022-09-14
  funding: 4000 rows, up to 2023-08-13
  funding: 5000 rows, up to 2024-07-12
  funding: 6000 rows, up to 2025-06-10
  funding: 7000 rows, up to 2026-05-09
  funding: 7438 rows, up to 2026-10-02
DONE BCHUSDT 59511 7438
  klines: 1500 bars, up to 2020-03-17
  klines: 3000 bars, up to 2020-05-19
  klines: 4500 bars, up to 2020-07-20
  klines: 6000 bars, up to 2020-09-21
  klines: 7500 bars, up to 2020-11-22
  klines: 9000 bars, up to 2021-01-24
  klines: 10500 bars, up to 2021-03-27
  klines: 12000 bars, up to 2021-05-29
  klines: 13500 bars, up to 2021-07-30
  klines: 15000 bars, up to 2021-10-01
  klines: 16500 bars, up to 2021-12-02
  klines: 18000 bars, up to 2022-02-03
  klines: 19500 bars, up to 2022-04-06
  klines: 21000 bars, up to 2022-06-08
  klines: 22500 bars, up to 2022-08-09
  klines: 24000 bars, up to 2022-10-11
  klines: 25500 bars, up to 2022-12-12
  klines: 27000 bars, up to 2023-02-13
  klines: 28500 bars, up to 2023-04-16
  klines: 30000 bars, up to 2023-06-18
  klines: 31500 bars, up to 2023-08-19
  klines: 33000 bars, up to 2023-10-21
  klines: 34500 bars, up to 2023-12-22
  klines: 36000 bars, up to 2024-02-23
  klines: 37500 bars, up to 2024-04-25
  klines: 39000 bars, up to 2024-06-27
  klines: 40500 bars, up to 2024-08-28
  klines: 42000 bars, up to 2024-10-30
  klines: 43500 bars, up to 2024-12-31
  klines: 45000 bars, up to 2025-03-04
  klines: 46500 bars, up to 2025-05-05
  klines: 48000 bars, up to 2025-07-07
  klines: 49500 bars, up to 2025-09-07
  klines: 51000 bars, up to 2025-11-09
  klines: 52500 bars, up to 2026-01-10
  klines: 54000 bars, up to 2026-03-14
  klines: 55500 bars, up to 2026-05-15
  klines: 57000 bars, up to 2026-07-17
  klines: 58500 bars, up to 2026-09-17
  klines: 58863 bars, up to 2026-10-02
  funding: 1000 rows, up to 2020-12-13
  funding: 2000 rows, up to 2021-11-11
  funding: 3000 rows, up to 2022-10-11
  funding: 4000 rows, up to 2023-09-09
  funding: 5000 rows, up to 2024-08-07
  funding: 6000 rows, up to 2025-07-07
  funding: 7000 rows, up to 2026-06-05
  funding: 7358 rows, up to 2026-10-02
DONE TRXUSDT 58863 7358
